// Jest Snapshot v1, https://goo.gl/fbAQLP

exports[`App Renders correctly 1`] = `
<section>
  <h2>
    Gift Giver
  </h2>
  <div
    className="gift-list"
  />
  <ForwardRef(Bootstrap(Button))
    className="btn-add"
    onClick={[Function]}
  >
    Add Gift
  </ForwardRef(Bootstrap(Button))>
</section>
`;
